[2025-10-13T22:13:00.555+0000] {manager.py:488} INFO - Processing files using up to 2 processes at a time 
[2025-10-13T22:13:00.555+0000] {manager.py:489} INFO - Process each file at most once every 30 seconds
[2025-10-13T22:13:00.556+0000] {manager.py:490} INFO - Checking for new files in /opt/airflow/dags every 300 seconds
[2025-10-13T22:13:00.560+0000] {manager.py:760} INFO - Searching for files in /opt/airflow/dags
[2025-10-13T22:13:00.566+0000] {manager.py:763} INFO - There are 1 files in /opt/airflow/dags
[2025-10-13T22:13:01.060+0000] {manager.py:888} INFO - 
================================================================================
DAG File Processing Stats

File Path                                PID  Runtime      # DAGs    # Errors  Last Runtime    Last Run
-------------------------------------  -----  ---------  --------  ----------  --------------  ----------
/opt/airflow/dags/sst_pipeline_dag.py    161  0.23s             0           0
================================================================================
[2025-10-13T22:13:31.349+0000] {manager.py:888} INFO - 
================================================================================
DAG File Processing Stats

File Path                              PID    Runtime      # DAGs    # Errors  Last Runtime    Last Run
-------------------------------------  -----  ---------  --------  ----------  --------------  -------------------
/opt/airflow/dags/sst_pipeline_dag.py                           1           0  0.58s           2025-10-13T22:13:01
================================================================================
[2025-10-13T22:14:01.906+0000] {manager.py:888} INFO - 
================================================================================
DAG File Processing Stats

File Path                              PID    Runtime      # DAGs    # Errors  Last Runtime    Last Run
-------------------------------------  -----  ---------  --------  ----------  --------------  -------------------
/opt/airflow/dags/sst_pipeline_dag.py                           1           0  0.32s           2025-10-13T22:13:31
================================================================================
[2025-10-13T22:14:32.360+0000] {manager.py:888} INFO - 
================================================================================
DAG File Processing Stats

File Path                              PID    Runtime      # DAGs    # Errors  Last Runtime    Last Run
-------------------------------------  -----  ---------  --------  ----------  --------------  -------------------
/opt/airflow/dags/sst_pipeline_dag.py                           1           0  0.19s           2025-10-13T22:14:02
================================================================================
[2025-10-13T22:15:02.679+0000] {manager.py:888} INFO - 
================================================================================
DAG File Processing Stats

File Path                              PID    Runtime      # DAGs    # Errors  Last Runtime    Last Run
-------------------------------------  -----  ---------  --------  ----------  --------------  -------------------
/opt/airflow/dags/sst_pipeline_dag.py                           1           0  0.16s           2025-10-13T22:14:32
================================================================================
[2025-10-13T22:15:32.964+0000] {manager.py:888} INFO - 
================================================================================
DAG File Processing Stats

File Path                              PID    Runtime      # DAGs    # Errors  Last Runtime    Last Run
-------------------------------------  -----  ---------  --------  ----------  --------------  -------------------
/opt/airflow/dags/sst_pipeline_dag.py                           1           0  0.16s           2025-10-13T22:15:02
================================================================================
[2025-10-13T22:16:03.261+0000] {manager.py:888} INFO - 
================================================================================
DAG File Processing Stats

File Path                              PID    Runtime      # DAGs    # Errors  Last Runtime    Last Run
-------------------------------------  -----  ---------  --------  ----------  --------------  -------------------
/opt/airflow/dags/sst_pipeline_dag.py                           1           0  0.17s           2025-10-13T22:15:33
================================================================================
[2025-10-13T22:16:33.539+0000] {manager.py:888} INFO - 
================================================================================
DAG File Processing Stats

File Path                              PID    Runtime      # DAGs    # Errors  Last Runtime    Last Run
-------------------------------------  -----  ---------  --------  ----------  --------------  -------------------
/opt/airflow/dags/sst_pipeline_dag.py                           1           0  0.15s           2025-10-13T22:16:03
================================================================================
[2025-10-13T22:17:03.813+0000] {manager.py:888} INFO - 
================================================================================
DAG File Processing Stats

File Path                              PID    Runtime      # DAGs    # Errors  Last Runtime    Last Run
-------------------------------------  -----  ---------  --------  ----------  --------------  -------------------
/opt/airflow/dags/sst_pipeline_dag.py                           1           0  0.39s           2025-10-13T22:16:34
================================================================================
[2025-10-13T22:17:34.335+0000] {manager.py:888} INFO - 
================================================================================
DAG File Processing Stats

File Path                              PID    Runtime      # DAGs    # Errors  Last Runtime    Last Run
-------------------------------------  -----  ---------  --------  ----------  --------------  -------------------
/opt/airflow/dags/sst_pipeline_dag.py                           1           0  0.32s           2025-10-13T22:17:04
================================================================================
[2025-10-13T22:18:00.767+0000] {manager.py:760} INFO - Searching for files in /opt/airflow/dags
[2025-10-13T22:18:00.769+0000] {manager.py:763} INFO - There are 1 files in /opt/airflow/dags
[2025-10-13T22:18:04.965+0000] {manager.py:888} INFO - 
================================================================================
DAG File Processing Stats

File Path                              PID    Runtime      # DAGs    # Errors  Last Runtime    Last Run
-------------------------------------  -----  ---------  --------  ----------  --------------  -------------------
/opt/airflow/dags/sst_pipeline_dag.py                           1           0  0.32s           2025-10-13T22:17:34
================================================================================
[2025-10-13T22:18:35.253+0000] {manager.py:888} INFO - 
================================================================================
DAG File Processing Stats

File Path                              PID    Runtime      # DAGs    # Errors  Last Runtime    Last Run
-------------------------------------  -----  ---------  --------  ----------  --------------  -------------------
/opt/airflow/dags/sst_pipeline_dag.py                           1           0  0.19s           2025-10-13T22:18:05
================================================================================
[2025-10-13T22:19:05.565+0000] {manager.py:888} INFO - 
================================================================================
DAG File Processing Stats

File Path                              PID    Runtime      # DAGs    # Errors  Last Runtime    Last Run
-------------------------------------  -----  ---------  --------  ----------  --------------  -------------------
/opt/airflow/dags/sst_pipeline_dag.py                           1           0  0.14s           2025-10-13T22:18:35
================================================================================
[2025-10-13T22:19:35.816+0000] {manager.py:888} INFO - 
================================================================================
DAG File Processing Stats

File Path                              PID    Runtime      # DAGs    # Errors  Last Runtime    Last Run
-------------------------------------  -----  ---------  --------  ----------  --------------  -------------------
/opt/airflow/dags/sst_pipeline_dag.py                           1           0  0.17s           2025-10-13T22:19:05
================================================================================
[2025-10-13T22:20:06.121+0000] {manager.py:888} INFO - 
================================================================================
DAG File Processing Stats

File Path                              PID    Runtime      # DAGs    # Errors  Last Runtime    Last Run
-------------------------------------  -----  ---------  --------  ----------  --------------  -------------------
/opt/airflow/dags/sst_pipeline_dag.py                           1           0  0.15s           2025-10-13T22:19:36
================================================================================
[2025-10-13T22:20:36.384+0000] {manager.py:888} INFO - 
================================================================================
DAG File Processing Stats

File Path                              PID    Runtime      # DAGs    # Errors  Last Runtime    Last Run
-------------------------------------  -----  ---------  --------  ----------  --------------  -------------------
/opt/airflow/dags/sst_pipeline_dag.py                           1           0  0.19s           2025-10-13T22:20:06
================================================================================
[2025-10-13T22:21:06.697+0000] {manager.py:888} INFO - 
================================================================================
DAG File Processing Stats

File Path                              PID    Runtime      # DAGs    # Errors  Last Runtime    Last Run
-------------------------------------  -----  ---------  --------  ----------  --------------  -------------------
/opt/airflow/dags/sst_pipeline_dag.py                           1           0  0.16s           2025-10-13T22:20:36
================================================================================
[2025-10-13T22:21:36.974+0000] {manager.py:888} INFO - 
================================================================================
DAG File Processing Stats

File Path                              PID    Runtime      # DAGs    # Errors  Last Runtime    Last Run
-------------------------------------  -----  ---------  --------  ----------  --------------  -------------------
/opt/airflow/dags/sst_pipeline_dag.py                           1           0  0.14s           2025-10-13T22:21:06
================================================================================
[2025-10-13T22:22:07.248+0000] {manager.py:888} INFO - 
================================================================================
DAG File Processing Stats

File Path                              PID    Runtime      # DAGs    # Errors  Last Runtime    Last Run
-------------------------------------  -----  ---------  --------  ----------  --------------  -------------------
/opt/airflow/dags/sst_pipeline_dag.py                           1           0  0.16s           2025-10-13T22:21:37
================================================================================
[2025-10-13T22:22:37.529+0000] {manager.py:888} INFO - 
================================================================================
DAG File Processing Stats

File Path                              PID    Runtime      # DAGs    # Errors  Last Runtime    Last Run
-------------------------------------  -----  ---------  --------  ----------  --------------  -------------------
/opt/airflow/dags/sst_pipeline_dag.py                           1           0  0.17s           2025-10-13T22:22:07
================================================================================
[2025-10-13T22:23:00.800+0000] {manager.py:760} INFO - Searching for files in /opt/airflow/dags
[2025-10-13T22:23:00.802+0000] {manager.py:763} INFO - There are 1 files in /opt/airflow/dags
[2025-10-13T22:23:07.843+0000] {manager.py:888} INFO - 
================================================================================
DAG File Processing Stats

File Path                              PID    Runtime      # DAGs    # Errors  Last Runtime    Last Run
-------------------------------------  -----  ---------  --------  ----------  --------------  -------------------
/opt/airflow/dags/sst_pipeline_dag.py                           1           0  0.16s           2025-10-13T22:22:37
================================================================================
[2025-10-13T22:23:38.115+0000] {manager.py:888} INFO - 
================================================================================
DAG File Processing Stats

File Path                              PID    Runtime      # DAGs    # Errors  Last Runtime    Last Run
-------------------------------------  -----  ---------  --------  ----------  --------------  -------------------
/opt/airflow/dags/sst_pipeline_dag.py                           1           0  0.26s           2025-10-13T22:23:08
================================================================================
[2025-10-13T22:24:08.507+0000] {manager.py:888} INFO - 
================================================================================
DAG File Processing Stats

File Path                              PID    Runtime      # DAGs    # Errors  Last Runtime    Last Run
-------------------------------------  -----  ---------  --------  ----------  --------------  -------------------
/opt/airflow/dags/sst_pipeline_dag.py                           1           0  0.20s           2025-10-13T22:23:38
================================================================================
[2025-10-13T22:24:38.839+0000] {manager.py:888} INFO - 
================================================================================
DAG File Processing Stats

File Path                              PID    Runtime      # DAGs    # Errors  Last Runtime    Last Run
-------------------------------------  -----  ---------  --------  ----------  --------------  -------------------
/opt/airflow/dags/sst_pipeline_dag.py                           1           0  0.21s           2025-10-13T22:24:08
================================================================================
[2025-10-13T22:25:09.174+0000] {manager.py:888} INFO - 
================================================================================
DAG File Processing Stats

File Path                              PID    Runtime      # DAGs    # Errors  Last Runtime    Last Run
-------------------------------------  -----  ---------  --------  ----------  --------------  -------------------
/opt/airflow/dags/sst_pipeline_dag.py                           1           0  0.16s           2025-10-13T22:24:39
================================================================================
[2025-10-13T22:25:39.440+0000] {manager.py:888} INFO - 
================================================================================
DAG File Processing Stats

File Path                              PID    Runtime      # DAGs    # Errors  Last Runtime    Last Run
-------------------------------------  -----  ---------  --------  ----------  --------------  -------------------
/opt/airflow/dags/sst_pipeline_dag.py                           1           0  0.14s           2025-10-13T22:25:09
================================================================================
[2025-10-13T22:26:09.715+0000] {manager.py:888} INFO - 
================================================================================
DAG File Processing Stats

File Path                              PID    Runtime      # DAGs    # Errors  Last Runtime    Last Run
-------------------------------------  -----  ---------  --------  ----------  --------------  -------------------
/opt/airflow/dags/sst_pipeline_dag.py                           1           0  0.15s           2025-10-13T22:25:39
================================================================================
[2025-10-13T22:26:39.980+0000] {manager.py:888} INFO - 
================================================================================
DAG File Processing Stats

File Path                              PID    Runtime      # DAGs    # Errors  Last Runtime    Last Run
-------------------------------------  -----  ---------  --------  ----------  --------------  -------------------
/opt/airflow/dags/sst_pipeline_dag.py                           1           0  0.14s           2025-10-13T22:26:09
================================================================================
[2025-10-13T22:27:10.249+0000] {manager.py:888} INFO - 
================================================================================
DAG File Processing Stats

File Path                              PID    Runtime      # DAGs    # Errors  Last Runtime    Last Run
-------------------------------------  -----  ---------  --------  ----------  --------------  -------------------
/opt/airflow/dags/sst_pipeline_dag.py                           1           0  0.26s           2025-10-13T22:26:40
================================================================================
[2025-10-13T22:27:40.660+0000] {manager.py:888} INFO - 
================================================================================
DAG File Processing Stats

File Path                              PID    Runtime      # DAGs    # Errors  Last Runtime    Last Run
-------------------------------------  -----  ---------  --------  ----------  --------------  -------------------
/opt/airflow/dags/sst_pipeline_dag.py                           1           0  0.14s           2025-10-13T22:27:10
================================================================================
[2025-10-13T22:28:00.878+0000] {manager.py:760} INFO - Searching for files in /opt/airflow/dags
[2025-10-13T22:28:00.880+0000] {manager.py:763} INFO - There are 1 files in /opt/airflow/dags
[2025-10-13T22:28:10.938+0000] {manager.py:888} INFO - 
================================================================================
DAG File Processing Stats

File Path                              PID    Runtime      # DAGs    # Errors  Last Runtime    Last Run
-------------------------------------  -----  ---------  --------  ----------  --------------  -------------------
/opt/airflow/dags/sst_pipeline_dag.py                           1           0  0.17s           2025-10-13T22:27:40
================================================================================
[2025-10-13T22:28:41.215+0000] {manager.py:888} INFO - 
================================================================================
DAG File Processing Stats

File Path                              PID    Runtime      # DAGs    # Errors  Last Runtime    Last Run
-------------------------------------  -----  ---------  --------  ----------  --------------  -------------------
/opt/airflow/dags/sst_pipeline_dag.py                           1           0  0.18s           2025-10-13T22:28:11
================================================================================
[2025-10-13T22:29:11.525+0000] {manager.py:888} INFO - 
================================================================================
DAG File Processing Stats

File Path                              PID    Runtime      # DAGs    # Errors  Last Runtime    Last Run
-------------------------------------  -----  ---------  --------  ----------  --------------  -------------------
/opt/airflow/dags/sst_pipeline_dag.py                           1           0  0.15s           2025-10-13T22:28:41
================================================================================
[2025-10-13T22:29:41.798+0000] {manager.py:888} INFO - 
================================================================================
DAG File Processing Stats

File Path                              PID    Runtime      # DAGs    # Errors  Last Runtime    Last Run
-------------------------------------  -----  ---------  --------  ----------  --------------  -------------------
/opt/airflow/dags/sst_pipeline_dag.py                           1           0  0.14s           2025-10-13T22:29:11
================================================================================
[2025-10-13T22:30:12.099+0000] {manager.py:888} INFO - 
================================================================================
DAG File Processing Stats

File Path                              PID    Runtime      # DAGs    # Errors  Last Runtime    Last Run
-------------------------------------  -----  ---------  --------  ----------  --------------  -------------------
/opt/airflow/dags/sst_pipeline_dag.py                           1           0  0.32s           2025-10-13T22:29:42
================================================================================
[2025-10-13T22:30:42.555+0000] {manager.py:888} INFO - 
================================================================================
DAG File Processing Stats

File Path                              PID    Runtime      # DAGs    # Errors  Last Runtime    Last Run
-------------------------------------  -----  ---------  --------  ----------  --------------  -------------------
/opt/airflow/dags/sst_pipeline_dag.py                           1           0  0.36s           2025-10-13T22:30:12
================================================================================
[2025-10-13T22:31:13.028+0000] {manager.py:888} INFO - 
================================================================================
DAG File Processing Stats

File Path                              PID    Runtime      # DAGs    # Errors  Last Runtime    Last Run
-------------------------------------  -----  ---------  --------  ----------  --------------  -------------------
/opt/airflow/dags/sst_pipeline_dag.py                           1           0  0.18s           2025-10-13T22:30:43
================================================================================
[2025-10-13T22:31:43.341+0000] {manager.py:888} INFO - 
================================================================================
DAG File Processing Stats

File Path                              PID    Runtime      # DAGs    # Errors  Last Runtime    Last Run
-------------------------------------  -----  ---------  --------  ----------  --------------  -------------------
/opt/airflow/dags/sst_pipeline_dag.py                           1           0  0.15s           2025-10-13T22:31:13
================================================================================
[2025-10-13T22:32:13.618+0000] {manager.py:888} INFO - 
================================================================================
DAG File Processing Stats

File Path                              PID    Runtime      # DAGs    # Errors  Last Runtime    Last Run
-------------------------------------  -----  ---------  --------  ----------  --------------  -------------------
/opt/airflow/dags/sst_pipeline_dag.py                           1           0  0.15s           2025-10-13T22:31:43
================================================================================
[2025-10-13T22:32:43.895+0000] {manager.py:888} INFO - 
================================================================================
DAG File Processing Stats

File Path                              PID    Runtime      # DAGs    # Errors  Last Runtime    Last Run
-------------------------------------  -----  ---------  --------  ----------  --------------  -------------------
/opt/airflow/dags/sst_pipeline_dag.py                           1           0  0.16s           2025-10-13T22:32:13
================================================================================
[2025-10-13T22:33:01.151+0000] {manager.py:760} INFO - Searching for files in /opt/airflow/dags
[2025-10-13T22:33:01.152+0000] {manager.py:763} INFO - There are 1 files in /opt/airflow/dags
[2025-10-13T22:33:14.221+0000] {manager.py:888} INFO - 
================================================================================
DAG File Processing Stats

File Path                              PID    Runtime      # DAGs    # Errors  Last Runtime    Last Run
-------------------------------------  -----  ---------  --------  ----------  --------------  -------------------
/opt/airflow/dags/sst_pipeline_dag.py                           1           0  0.24s           2025-10-13T22:32:44
================================================================================
[2025-10-13T22:33:44.570+0000] {manager.py:888} INFO - 
================================================================================
DAG File Processing Stats

File Path                              PID    Runtime      # DAGs    # Errors  Last Runtime    Last Run
-------------------------------------  -----  ---------  --------  ----------  --------------  -------------------
/opt/airflow/dags/sst_pipeline_dag.py                           1           0  0.23s           2025-10-13T22:33:14
================================================================================
[2025-10-13T22:34:14.956+0000] {manager.py:888} INFO - 
================================================================================
DAG File Processing Stats

File Path                              PID    Runtime      # DAGs    # Errors  Last Runtime    Last Run
-------------------------------------  -----  ---------  --------  ----------  --------------  -------------------
/opt/airflow/dags/sst_pipeline_dag.py                           1           0  0.21s           2025-10-13T22:33:45
================================================================================
[2025-10-13T22:34:45.278+0000] {manager.py:888} INFO - 
================================================================================
DAG File Processing Stats

File Path                              PID    Runtime      # DAGs    # Errors  Last Runtime    Last Run
-------------------------------------  -----  ---------  --------  ----------  --------------  -------------------
/opt/airflow/dags/sst_pipeline_dag.py                           1           0  0.19s           2025-10-13T22:34:15
================================================================================
[2025-10-13T22:35:15.581+0000] {manager.py:888} INFO - 
================================================================================
DAG File Processing Stats

File Path                              PID    Runtime      # DAGs    # Errors  Last Runtime    Last Run
-------------------------------------  -----  ---------  --------  ----------  --------------  -------------------
/opt/airflow/dags/sst_pipeline_dag.py                           1           0  0.16s           2025-10-13T22:34:45
================================================================================
[2025-10-13T22:35:45.862+0000] {manager.py:888} INFO - 
================================================================================
DAG File Processing Stats

File Path                              PID    Runtime      # DAGs    # Errors  Last Runtime    Last Run
-------------------------------------  -----  ---------  --------  ----------  --------------  -------------------
/opt/airflow/dags/sst_pipeline_dag.py                           1           0  0.14s           2025-10-13T22:35:15
================================================================================
[2025-10-13T22:36:16.126+0000] {manager.py:888} INFO - 
================================================================================
DAG File Processing Stats

File Path                              PID    Runtime      # DAGs    # Errors  Last Runtime    Last Run
-------------------------------------  -----  ---------  --------  ----------  --------------  -------------------
/opt/airflow/dags/sst_pipeline_dag.py                           1           0  0.19s           2025-10-13T22:35:46
================================================================================
[2025-10-13T22:36:46.444+0000] {manager.py:888} INFO - 
================================================================================
DAG File Processing Stats

File Path                              PID    Runtime      # DAGs    # Errors  Last Runtime    Last Run
-------------------------------------  -----  ---------  --------  ----------  --------------  -------------------
/opt/airflow/dags/sst_pipeline_dag.py                           1           0  0.19s           2025-10-13T22:36:16
================================================================================
[2025-10-13T22:37:16.753+0000] {manager.py:888} INFO - 
================================================================================
DAG File Processing Stats

File Path                              PID    Runtime      # DAGs    # Errors  Last Runtime    Last Run
-------------------------------------  -----  ---------  --------  ----------  --------------  -------------------
/opt/airflow/dags/sst_pipeline_dag.py                           1           0  0.21s           2025-10-13T22:36:46
================================================================================
[2025-10-13T22:37:47.084+0000] {manager.py:888} INFO - 
================================================================================
DAG File Processing Stats

File Path                              PID    Runtime      # DAGs    # Errors  Last Runtime    Last Run
-------------------------------------  -----  ---------  --------  ----------  --------------  -------------------
/opt/airflow/dags/sst_pipeline_dag.py                           1           0  0.14s           2025-10-13T22:37:17
================================================================================
[2025-10-13T22:38:01.279+0000] {manager.py:760} INFO - Searching for files in /opt/airflow/dags
[2025-10-13T22:38:01.281+0000] {manager.py:763} INFO - There are 1 files in /opt/airflow/dags
[2025-10-13T22:38:17.376+0000] {manager.py:888} INFO - 
================================================================================
DAG File Processing Stats

File Path                                PID  Runtime      # DAGs    # Errors  Last Runtime    Last Run
-------------------------------------  -----  ---------  --------  ----------  --------------  -------------------
/opt/airflow/dags/sst_pipeline_dag.py    412  0.01s             1           0  0.15s           2025-10-13T22:37:47
================================================================================
[2025-10-13T22:38:47.620+0000] {manager.py:888} INFO - 
================================================================================
DAG File Processing Stats

File Path                                PID  Runtime      # DAGs    # Errors  Last Runtime    Last Run
-------------------------------------  -----  ---------  --------  ----------  --------------  -------------------
/opt/airflow/dags/sst_pipeline_dag.py    417  0.01s             1           0  0.18s           2025-10-13T22:38:17
================================================================================
[2025-10-13T22:39:17.808+0000] {manager.py:888} INFO - 
================================================================================
DAG File Processing Stats

File Path                                PID  Runtime      # DAGs    # Errors  Last Runtime    Last Run
-------------------------------------  -----  ---------  --------  ----------  --------------  -------------------
/opt/airflow/dags/sst_pipeline_dag.py    422  0.01s             1           0  0.18s           2025-10-13T22:38:47
================================================================================
[2025-10-13T22:39:48.061+0000] {manager.py:888} INFO - 
================================================================================
DAG File Processing Stats

File Path                                PID  Runtime      # DAGs    # Errors  Last Runtime    Last Run
-------------------------------------  -----  ---------  --------  ----------  --------------  -------------------
/opt/airflow/dags/sst_pipeline_dag.py    427  0.01s             1           0  0.21s           2025-10-13T22:39:18
================================================================================
[2025-10-13T22:40:18.287+0000] {manager.py:888} INFO - 
================================================================================
DAG File Processing Stats

File Path                                PID  Runtime      # DAGs    # Errors  Last Runtime    Last Run
-------------------------------------  -----  ---------  --------  ----------  --------------  -------------------
/opt/airflow/dags/sst_pipeline_dag.py    432  0.01s             1           0  0.20s           2025-10-13T22:39:48
================================================================================
[2025-10-13T22:40:48.507+0000] {manager.py:888} INFO - 
================================================================================
DAG File Processing Stats

File Path                                PID  Runtime      # DAGs    # Errors  Last Runtime    Last Run
-------------------------------------  -----  ---------  --------  ----------  --------------  -------------------
/opt/airflow/dags/sst_pipeline_dag.py    437  0.01s             1           0  0.19s           2025-10-13T22:40:18
================================================================================
[2025-10-13T22:41:18.735+0000] {manager.py:888} INFO - 
================================================================================
DAG File Processing Stats

File Path                                PID  Runtime      # DAGs    # Errors  Last Runtime    Last Run
-------------------------------------  -----  ---------  --------  ----------  --------------  -------------------
/opt/airflow/dags/sst_pipeline_dag.py    442  0.01s             1           0  0.22s           2025-10-13T22:40:48
================================================================================
[2025-10-13T22:41:48.984+0000] {manager.py:888} INFO - 
================================================================================
DAG File Processing Stats

File Path                                PID  Runtime      # DAGs    # Errors  Last Runtime    Last Run
-------------------------------------  -----  ---------  --------  ----------  --------------  -------------------
/opt/airflow/dags/sst_pipeline_dag.py    447  0.01s             1           0  0.14s           2025-10-13T22:41:18
================================================================================
[2025-10-13T22:42:19.154+0000] {manager.py:888} INFO - 
================================================================================
DAG File Processing Stats

File Path                                PID  Runtime      # DAGs    # Errors  Last Runtime    Last Run
-------------------------------------  -----  ---------  --------  ----------  --------------  -------------------
/opt/airflow/dags/sst_pipeline_dag.py    452  0.01s             1           0  0.15s           2025-10-13T22:41:49
================================================================================
[2025-10-13T22:42:49.380+0000] {manager.py:888} INFO - 
================================================================================
DAG File Processing Stats

File Path                              PID    Runtime      # DAGs    # Errors  Last Runtime    Last Run
-------------------------------------  -----  ---------  --------  ----------  --------------  -------------------
/opt/airflow/dags/sst_pipeline_dag.py                           1           0  0.28s           2025-10-13T22:42:19
================================================================================
[2025-10-13T22:43:01.610+0000] {manager.py:760} INFO - Searching for files in /opt/airflow/dags
[2025-10-13T22:43:01.612+0000] {manager.py:763} INFO - There are 1 files in /opt/airflow/dags
[2025-10-13T22:43:19.719+0000] {manager.py:888} INFO - 
================================================================================
DAG File Processing Stats

File Path                                PID  Runtime      # DAGs    # Errors  Last Runtime    Last Run
-------------------------------------  -----  ---------  --------  ----------  --------------  -------------------
/opt/airflow/dags/sst_pipeline_dag.py    462  0.01s             1           0  0.15s           2025-10-13T22:42:49
================================================================================
[2025-10-13T22:43:49.957+0000] {manager.py:888} INFO - 
================================================================================
DAG File Processing Stats

File Path                                PID  Runtime      # DAGs    # Errors  Last Runtime    Last Run
-------------------------------------  -----  ---------  --------  ----------  --------------  -------------------
/opt/airflow/dags/sst_pipeline_dag.py    467  0.01s             1           0  0.14s           2025-10-13T22:43:19
================================================================================
[2025-10-13T22:44:20.110+0000] {manager.py:888} INFO - 
================================================================================
DAG File Processing Stats

File Path                              PID    Runtime      # DAGs    # Errors  Last Runtime    Last Run
-------------------------------------  -----  ---------  --------  ----------  --------------  -------------------
/opt/airflow/dags/sst_pipeline_dag.py                           1           0  0.17s           2025-10-13T22:43:50
================================================================================
[2025-10-13T22:44:50.383+0000] {manager.py:888} INFO - 
================================================================================
DAG File Processing Stats

File Path                              PID    Runtime      # DAGs    # Errors  Last Runtime    Last Run
-------------------------------------  -----  ---------  --------  ----------  --------------  -------------------
/opt/airflow/dags/sst_pipeline_dag.py                           1           0  0.17s           2025-10-13T22:44:20
================================================================================
[2025-10-13T22:45:20.702+0000] {manager.py:888} INFO - 
================================================================================
DAG File Processing Stats

File Path                                PID  Runtime      # DAGs    # Errors  Last Runtime    Last Run
-------------------------------------  -----  ---------  --------  ----------  --------------  -------------------
/opt/airflow/dags/sst_pipeline_dag.py    482  0.01s             1           0  0.15s           2025-10-13T22:44:50
================================================================================
[2025-10-13T22:45:50.960+0000] {manager.py:888} INFO - 
================================================================================
DAG File Processing Stats

File Path                                PID  Runtime      # DAGs    # Errors  Last Runtime    Last Run
-------------------------------------  -----  ---------  --------  ----------  --------------  -------------------
/opt/airflow/dags/sst_pipeline_dag.py    487  0.01s             1           0  0.25s           2025-10-13T22:45:20
================================================================================
[2025-10-13T22:46:21.207+0000] {manager.py:888} INFO - 
================================================================================
DAG File Processing Stats

File Path                                PID  Runtime      # DAGs    # Errors  Last Runtime    Last Run
-------------------------------------  -----  ---------  --------  ----------  --------------  -------------------
/opt/airflow/dags/sst_pipeline_dag.py    492  0.01s             1           0  0.16s           2025-10-13T22:45:51
================================================================================
[2025-10-13T22:46:51.380+0000] {manager.py:888} INFO - 
================================================================================
DAG File Processing Stats

File Path                                PID  Runtime      # DAGs    # Errors  Last Runtime    Last Run
-------------------------------------  -----  ---------  --------  ----------  --------------  -------------------
/opt/airflow/dags/sst_pipeline_dag.py    497  0.01s             1           0  0.15s           2025-10-13T22:46:21
================================================================================
[2025-10-13T22:47:21.615+0000] {manager.py:888} INFO - 
================================================================================
DAG File Processing Stats

File Path                                PID  Runtime      # DAGs    # Errors  Last Runtime    Last Run
-------------------------------------  -----  ---------  --------  ----------  --------------  -------------------
/opt/airflow/dags/sst_pipeline_dag.py    502  0.01s             1           0  0.18s           2025-10-13T22:46:51
================================================================================
[2025-10-13T22:47:51.807+0000] {manager.py:888} INFO - 
================================================================================
DAG File Processing Stats

File Path                                PID  Runtime      # DAGs    # Errors  Last Runtime    Last Run
-------------------------------------  -----  ---------  --------  ----------  --------------  -------------------
/opt/airflow/dags/sst_pipeline_dag.py    507  0.01s             1           0  0.17s           2025-10-13T22:47:21
================================================================================
[2025-10-13T22:48:01.936+0000] {manager.py:760} INFO - Searching for files in /opt/airflow/dags
[2025-10-13T22:48:01.937+0000] {manager.py:763} INFO - There are 1 files in /opt/airflow/dags
[2025-10-13T22:48:22.048+0000] {manager.py:888} INFO - 
================================================================================
DAG File Processing Stats

File Path                                PID  Runtime      # DAGs    # Errors  Last Runtime    Last Run
-------------------------------------  -----  ---------  --------  ----------  --------------  -------------------
/opt/airflow/dags/sst_pipeline_dag.py    512  0.01s             1           0  0.16s           2025-10-13T22:47:51
================================================================================
[2025-10-13T22:48:52.223+0000] {manager.py:888} INFO - 
================================================================================
DAG File Processing Stats

File Path                                PID  Runtime      # DAGs    # Errors  Last Runtime    Last Run
-------------------------------------  -----  ---------  --------  ----------  --------------  -------------------
/opt/airflow/dags/sst_pipeline_dag.py    517  0.01s             1           0  0.17s           2025-10-13T22:48:22
================================================================================
[2025-10-13T22:49:22.473+0000] {manager.py:888} INFO - 
================================================================================
DAG File Processing Stats

File Path                                PID  Runtime      # DAGs    # Errors  Last Runtime    Last Run
-------------------------------------  -----  ---------  --------  ----------  --------------  -------------------
/opt/airflow/dags/sst_pipeline_dag.py    522  0.01s             1           0  0.17s           2025-10-13T22:48:52
================================================================================
[2025-10-13T22:49:52.632+0000] {manager.py:888} INFO - 
================================================================================
DAG File Processing Stats

File Path                              PID    Runtime      # DAGs    # Errors  Last Runtime    Last Run
-------------------------------------  -----  ---------  --------  ----------  --------------  -------------------
/opt/airflow/dags/sst_pipeline_dag.py                           1           0  0.20s           2025-10-13T22:49:22
================================================================================
[2025-10-13T22:50:22.944+0000] {manager.py:888} INFO - 
================================================================================
DAG File Processing Stats

File Path                                PID  Runtime      # DAGs    # Errors  Last Runtime    Last Run
-------------------------------------  -----  ---------  --------  ----------  --------------  -------------------
/opt/airflow/dags/sst_pipeline_dag.py    532  0.01s             1           0  0.15s           2025-10-13T22:49:52
================================================================================
[2025-10-13T22:50:53.216+0000] {manager.py:888} INFO - 
================================================================================
DAG File Processing Stats

File Path                                PID  Runtime      # DAGs    # Errors  Last Runtime    Last Run
-------------------------------------  -----  ---------  --------  ----------  --------------  -------------------
/opt/airflow/dags/sst_pipeline_dag.py    537  0.01s             1           0  0.19s           2025-10-13T22:50:23
================================================================================
[2025-10-13T22:51:23.404+0000] {manager.py:888} INFO - 
================================================================================
DAG File Processing Stats

File Path                                PID  Runtime      # DAGs    # Errors  Last Runtime    Last Run
-------------------------------------  -----  ---------  --------  ----------  --------------  -------------------
/opt/airflow/dags/sst_pipeline_dag.py    542  0.01s             1           0  0.14s           2025-10-13T22:50:53
================================================================================
[2025-10-13T22:51:53.615+0000] {manager.py:888} INFO - 
================================================================================
DAG File Processing Stats

File Path                                PID  Runtime      # DAGs    # Errors  Last Runtime    Last Run
-------------------------------------  -----  ---------  --------  ----------  --------------  -------------------
/opt/airflow/dags/sst_pipeline_dag.py    547  0.01s             1           0  0.21s           2025-10-13T22:51:23
================================================================================
[2025-10-13T22:52:23.867+0000] {manager.py:888} INFO - 
================================================================================
DAG File Processing Stats

File Path                                PID  Runtime      # DAGs    # Errors  Last Runtime    Last Run
-------------------------------------  -----  ---------  --------  ----------  --------------  -------------------
/opt/airflow/dags/sst_pipeline_dag.py    552  0.01s             1           0  0.15s           2025-10-13T22:51:53
================================================================================
[2025-10-13T22:52:54.013+0000] {manager.py:888} INFO - 
================================================================================
DAG File Processing Stats

File Path                              PID    Runtime      # DAGs    # Errors  Last Runtime    Last Run
-------------------------------------  -----  ---------  --------  ----------  --------------  -------------------
/opt/airflow/dags/sst_pipeline_dag.py                           1           0  0.19s           2025-10-13T22:52:24
================================================================================
[2025-10-13T22:53:02.212+0000] {manager.py:760} INFO - Searching for files in /opt/airflow/dags
[2025-10-13T22:53:02.213+0000] {manager.py:763} INFO - There are 1 files in /opt/airflow/dags
[2025-10-13T22:53:24.324+0000] {manager.py:888} INFO - 
================================================================================
DAG File Processing Stats

File Path                              PID    Runtime      # DAGs    # Errors  Last Runtime    Last Run
-------------------------------------  -----  ---------  --------  ----------  --------------  -------------------
/opt/airflow/dags/sst_pipeline_dag.py                           1           0  0.22s           2025-10-13T22:52:54
================================================================================
[2025-10-13T22:53:54.664+0000] {manager.py:888} INFO - 
================================================================================
DAG File Processing Stats

File Path                              PID    Runtime      # DAGs    # Errors  Last Runtime    Last Run
-------------------------------------  -----  ---------  --------  ----------  --------------  -------------------
/opt/airflow/dags/sst_pipeline_dag.py                           1           0  0.18s           2025-10-13T22:53:24
================================================================================
[2025-10-13T22:54:24.956+0000] {manager.py:888} INFO - 
================================================================================
DAG File Processing Stats

File Path                              PID    Runtime      # DAGs    # Errors  Last Runtime    Last Run
-------------------------------------  -----  ---------  --------  ----------  --------------  -------------------
/opt/airflow/dags/sst_pipeline_dag.py                           1           0  0.22s           2025-10-13T22:53:55
================================================================================
[2025-10-13T22:54:55.310+0000] {manager.py:888} INFO - 
================================================================================
DAG File Processing Stats

File Path                              PID    Runtime      # DAGs    # Errors  Last Runtime    Last Run
-------------------------------------  -----  ---------  --------  ----------  --------------  -------------------
/opt/airflow/dags/sst_pipeline_dag.py                           1           0  0.21s           2025-10-13T22:54:25
================================================================================
[2025-10-13T22:55:25.656+0000] {manager.py:888} INFO - 
================================================================================
DAG File Processing Stats

File Path                                PID  Runtime      # DAGs    # Errors  Last Runtime    Last Run
-------------------------------------  -----  ---------  --------  ----------  --------------  -------------------
/opt/airflow/dags/sst_pipeline_dag.py    582  0.01s             1           0  0.14s           2025-10-13T22:54:55
================================================================================
[2025-10-13T22:55:55.902+0000] {manager.py:888} INFO - 
================================================================================
DAG File Processing Stats

File Path                                PID  Runtime      # DAGs    # Errors  Last Runtime    Last Run
-------------------------------------  -----  ---------  --------  ----------  --------------  -------------------
/opt/airflow/dags/sst_pipeline_dag.py    587  0.01s             1           0  0.18s           2025-10-13T22:55:25
================================================================================
[2025-10-13T22:56:26.101+0000] {manager.py:888} INFO - 
================================================================================
DAG File Processing Stats

File Path                                PID  Runtime      # DAGs    # Errors  Last Runtime    Last Run
-------------------------------------  -----  ---------  --------  ----------  --------------  -------------------
/opt/airflow/dags/sst_pipeline_dag.py    592  0.01s             1           0  0.15s           2025-10-13T22:55:56
================================================================================
[2025-10-13T22:56:56.306+0000] {manager.py:888} INFO - 
================================================================================
DAG File Processing Stats

File Path                                PID  Runtime      # DAGs    # Errors  Last Runtime    Last Run
-------------------------------------  -----  ---------  --------  ----------  --------------  -------------------
/opt/airflow/dags/sst_pipeline_dag.py    597  0.01s             1           0  0.17s           2025-10-13T22:56:26
================================================================================
[2025-10-13T22:57:26.523+0000] {manager.py:888} INFO - 
================================================================================
DAG File Processing Stats

File Path                                PID  Runtime      # DAGs    # Errors  Last Runtime    Last Run
-------------------------------------  -----  ---------  --------  ----------  --------------  -------------------
/opt/airflow/dags/sst_pipeline_dag.py    602  0.01s             1           0  0.14s           2025-10-13T22:56:56
================================================================================
[2025-10-13T22:57:56.702+0000] {manager.py:888} INFO - 
================================================================================
DAG File Processing Stats

File Path                                PID  Runtime      # DAGs    # Errors  Last Runtime    Last Run
-------------------------------------  -----  ---------  --------  ----------  --------------  -------------------
/opt/airflow/dags/sst_pipeline_dag.py    607  0.01s             1           0  0.17s           2025-10-13T22:57:26
================================================================================
[2025-10-13T22:58:02.824+0000] {manager.py:760} INFO - Searching for files in /opt/airflow/dags
[2025-10-13T22:58:02.825+0000] {manager.py:763} INFO - There are 1 files in /opt/airflow/dags
[2025-10-13T22:58:26.960+0000] {manager.py:888} INFO - 
================================================================================
DAG File Processing Stats

File Path                                PID  Runtime      # DAGs    # Errors  Last Runtime    Last Run
-------------------------------------  -----  ---------  --------  ----------  --------------  -------------------
/opt/airflow/dags/sst_pipeline_dag.py    612  0.01s             1           0  0.16s           2025-10-13T22:57:56
================================================================================
[2025-10-13T22:58:57.105+0000] {manager.py:888} INFO - 
================================================================================
DAG File Processing Stats

File Path                              PID    Runtime      # DAGs    # Errors  Last Runtime    Last Run
-------------------------------------  -----  ---------  --------  ----------  --------------  -------------------
/opt/airflow/dags/sst_pipeline_dag.py                           1           0  0.19s           2025-10-13T22:58:27
================================================================================
[2025-10-13T22:59:27.410+0000] {manager.py:888} INFO - 
================================================================================
DAG File Processing Stats

File Path                              PID    Runtime      # DAGs    # Errors  Last Runtime    Last Run
-------------------------------------  -----  ---------  --------  ----------  --------------  -------------------
/opt/airflow/dags/sst_pipeline_dag.py                           1           0  0.15s           2025-10-13T22:58:57
================================================================================
[2025-10-13T22:59:57.672+0000] {manager.py:888} INFO - 
================================================================================
DAG File Processing Stats

File Path                              PID    Runtime      # DAGs    # Errors  Last Runtime    Last Run
-------------------------------------  -----  ---------  --------  ----------  --------------  -------------------
/opt/airflow/dags/sst_pipeline_dag.py                           1           0  0.19s           2025-10-13T22:59:27
================================================================================
[2025-10-13T23:00:27.983+0000] {manager.py:888} INFO - 
================================================================================
DAG File Processing Stats

File Path                              PID    Runtime      # DAGs    # Errors  Last Runtime    Last Run
-------------------------------------  -----  ---------  --------  ----------  --------------  -------------------
/opt/airflow/dags/sst_pipeline_dag.py                           1           0  0.21s           2025-10-13T22:59:58
================================================================================
[2025-10-13T23:00:58.317+0000] {manager.py:888} INFO - 
================================================================================
DAG File Processing Stats

File Path                              PID    Runtime      # DAGs    # Errors  Last Runtime    Last Run
-------------------------------------  -----  ---------  --------  ----------  --------------  -------------------
/opt/airflow/dags/sst_pipeline_dag.py                           1           0  0.15s           2025-10-13T23:00:28
================================================================================
[2025-10-13T23:01:28.589+0000] {manager.py:888} INFO - 
================================================================================
DAG File Processing Stats

File Path                              PID    Runtime      # DAGs    # Errors  Last Runtime    Last Run
-------------------------------------  -----  ---------  --------  ----------  --------------  -------------------
/opt/airflow/dags/sst_pipeline_dag.py                           1           0  0.16s           2025-10-13T23:00:58
================================================================================
[2025-10-13T23:01:58.864+0000] {manager.py:888} INFO - 
================================================================================
DAG File Processing Stats

File Path                              PID    Runtime      # DAGs    # Errors  Last Runtime    Last Run
-------------------------------------  -----  ---------  --------  ----------  --------------  -------------------
/opt/airflow/dags/sst_pipeline_dag.py                           1           0  0.15s           2025-10-13T23:01:28
================================================================================
[2025-10-13T23:02:29.157+0000] {manager.py:888} INFO - 
================================================================================
DAG File Processing Stats

File Path                              PID    Runtime      # DAGs    # Errors  Last Runtime    Last Run
-------------------------------------  -----  ---------  --------  ----------  --------------  -------------------
/opt/airflow/dags/sst_pipeline_dag.py                           1           0  0.16s           2025-10-13T23:01:59
================================================================================
[2025-10-13T23:02:59.425+0000] {manager.py:888} INFO - 
================================================================================
DAG File Processing Stats

File Path                              PID    Runtime      # DAGs    # Errors  Last Runtime    Last Run
-------------------------------------  -----  ---------  --------  ----------  --------------  -------------------
/opt/airflow/dags/sst_pipeline_dag.py                           1           0  0.15s           2025-10-13T23:02:29
================================================================================
[2025-10-13T23:03:03.575+0000] {manager.py:760} INFO - Searching for files in /opt/airflow/dags
[2025-10-13T23:03:03.576+0000] {manager.py:763} INFO - There are 1 files in /opt/airflow/dags
[2025-10-13T23:03:29.713+0000] {manager.py:888} INFO - 
================================================================================
DAG File Processing Stats

File Path                                PID  Runtime      # DAGs    # Errors  Last Runtime    Last Run
-------------------------------------  -----  ---------  --------  ----------  --------------  -------------------
/opt/airflow/dags/sst_pipeline_dag.py    662  0.01s             1           0  0.14s           2025-10-13T23:02:59
================================================================================
[2025-10-13T23:03:59.957+0000] {manager.py:888} INFO - 
================================================================================
DAG File Processing Stats

File Path                                PID  Runtime      # DAGs    # Errors  Last Runtime    Last Run
-------------------------------------  -----  ---------  --------  ----------  --------------  -------------------
/opt/airflow/dags/sst_pipeline_dag.py    667  0.01s             1           0  0.15s           2025-10-13T23:03:29
================================================================================
[2025-10-13T23:04:30.111+0000] {manager.py:888} INFO - 
================================================================================
DAG File Processing Stats

File Path                              PID    Runtime      # DAGs    # Errors  Last Runtime    Last Run
-------------------------------------  -----  ---------  --------  ----------  --------------  -------------------
/opt/airflow/dags/sst_pipeline_dag.py                           1           0  0.17s           2025-10-13T23:04:00
================================================================================
[2025-10-13T23:05:00.381+0000] {manager.py:888} INFO - 
================================================================================
DAG File Processing Stats

File Path                              PID    Runtime      # DAGs    # Errors  Last Runtime    Last Run
-------------------------------------  -----  ---------  --------  ----------  --------------  -------------------
/opt/airflow/dags/sst_pipeline_dag.py                           1           0  0.16s           2025-10-13T23:04:30
================================================================================
[2025-10-13T23:05:30.650+0000] {manager.py:888} INFO - 
================================================================================
DAG File Processing Stats

File Path                              PID    Runtime      # DAGs    # Errors  Last Runtime    Last Run
-------------------------------------  -----  ---------  --------  ----------  --------------  -------------------
/opt/airflow/dags/sst_pipeline_dag.py                           1           0  0.17s           2025-10-13T23:05:00
================================================================================
[2025-10-13T23:06:00.945+0000] {manager.py:888} INFO - 
================================================================================
DAG File Processing Stats

File Path                              PID    Runtime      # DAGs    # Errors  Last Runtime    Last Run
-------------------------------------  -----  ---------  --------  ----------  --------------  -------------------
/opt/airflow/dags/sst_pipeline_dag.py                           1           0  0.17s           2025-10-13T23:05:30
================================================================================
[2025-10-13T23:06:31.243+0000] {manager.py:888} INFO - 
================================================================================
DAG File Processing Stats

File Path                              PID    Runtime      # DAGs    # Errors  Last Runtime    Last Run
-------------------------------------  -----  ---------  --------  ----------  --------------  -------------------
/opt/airflow/dags/sst_pipeline_dag.py                           1           0  0.18s           2025-10-13T23:06:01
================================================================================
[2025-10-13T23:07:01.530+0000] {manager.py:888} INFO - 
================================================================================
DAG File Processing Stats

File Path                              PID    Runtime      # DAGs    # Errors  Last Runtime    Last Run
-------------------------------------  -----  ---------  --------  ----------  --------------  -------------------
/opt/airflow/dags/sst_pipeline_dag.py                           1           0  0.19s           2025-10-13T23:06:31
================================================================================
[2025-10-13T23:07:31.841+0000] {manager.py:888} INFO - 
================================================================================
DAG File Processing Stats

File Path                              PID    Runtime      # DAGs    # Errors  Last Runtime    Last Run
-------------------------------------  -----  ---------  --------  ----------  --------------  -------------------
/opt/airflow/dags/sst_pipeline_dag.py                           1           0  0.16s           2025-10-13T23:07:01
================================================================================
[2025-10-13T23:08:02.122+0000] {manager.py:888} INFO - 
================================================================================
DAG File Processing Stats

File Path                              PID    Runtime      # DAGs    # Errors  Last Runtime    Last Run
-------------------------------------  -----  ---------  --------  ----------  --------------  -------------------
/opt/airflow/dags/sst_pipeline_dag.py                           1           0  0.18s           2025-10-13T23:07:32
================================================================================
[2025-10-13T23:08:04.297+0000] {manager.py:760} INFO - Searching for files in /opt/airflow/dags
[2025-10-13T23:08:04.298+0000] {manager.py:763} INFO - There are 1 files in /opt/airflow/dags
[2025-10-13T23:08:32.446+0000] {manager.py:888} INFO - 
================================================================================
DAG File Processing Stats

File Path                                PID  Runtime      # DAGs    # Errors  Last Runtime    Last Run
-------------------------------------  -----  ---------  --------  ----------  --------------  -------------------
/opt/airflow/dags/sst_pipeline_dag.py    712  0.01s             1           0  0.14s           2025-10-13T23:08:02
================================================================================
[2025-10-13T23:09:02.686+0000] {manager.py:888} INFO - 
================================================================================
DAG File Processing Stats

File Path                                PID  Runtime      # DAGs    # Errors  Last Runtime    Last Run
-------------------------------------  -----  ---------  --------  ----------  --------------  -------------------
/opt/airflow/dags/sst_pipeline_dag.py    717  0.01s             1           0  0.18s           2025-10-13T23:08:32
================================================================================
[2025-10-13T23:09:32.877+0000] {manager.py:888} INFO - 
================================================================================
DAG File Processing Stats

File Path                                PID  Runtime      # DAGs    # Errors  Last Runtime    Last Run
-------------------------------------  -----  ---------  --------  ----------  --------------  -------------------
/opt/airflow/dags/sst_pipeline_dag.py    722  0.01s             1           0  0.16s           2025-10-13T23:09:02
================================================================================
[2025-10-13T23:10:03.097+0000] {manager.py:888} INFO - 
================================================================================
DAG File Processing Stats

File Path                                PID  Runtime      # DAGs    # Errors  Last Runtime    Last Run
-------------------------------------  -----  ---------  --------  ----------  --------------  -------------------
/opt/airflow/dags/sst_pipeline_dag.py    727  0.01s             1           0  0.14s           2025-10-13T23:09:33
================================================================================
[2025-10-13T23:10:33.297+0000] {manager.py:888} INFO - 
================================================================================
DAG File Processing Stats

File Path                                PID  Runtime      # DAGs    # Errors  Last Runtime    Last Run
-------------------------------------  -----  ---------  --------  ----------  --------------  -------------------
/opt/airflow/dags/sst_pipeline_dag.py    732  0.01s             1           0  0.16s           2025-10-13T23:10:03
================================================================================
[2025-10-13T23:11:03.514+0000] {manager.py:888} INFO - 
================================================================================
DAG File Processing Stats

File Path                                PID  Runtime      # DAGs    # Errors  Last Runtime    Last Run
-------------------------------------  -----  ---------  --------  ----------  --------------  -------------------
/opt/airflow/dags/sst_pipeline_dag.py    737  0.01s             1           0  0.20s           2025-10-13T23:10:33
================================================================================
[2025-10-13T23:11:33.756+0000] {manager.py:888} INFO - 
================================================================================
DAG File Processing Stats

File Path                                PID  Runtime      # DAGs    # Errors  Last Runtime    Last Run
-------------------------------------  -----  ---------  --------  ----------  --------------  -------------------
/opt/airflow/dags/sst_pipeline_dag.py    742  0.01s             1           0  0.14s           2025-10-13T23:11:03
================================================================================
[2025-10-13T23:12:03.909+0000] {manager.py:888} INFO - 
================================================================================
DAG File Processing Stats

File Path                                PID  Runtime      # DAGs    # Errors  Last Runtime    Last Run
-------------------------------------  -----  ---------  --------  ----------  --------------  -------------------
/opt/airflow/dags/sst_pipeline_dag.py    747  0.01s             1           0  0.14s           2025-10-13T23:11:33
================================================================================
[2025-10-13T23:12:34.150+0000] {manager.py:888} INFO - 
================================================================================
DAG File Processing Stats

File Path                                PID  Runtime      # DAGs    # Errors  Last Runtime    Last Run
-------------------------------------  -----  ---------  --------  ----------  --------------  -------------------
/opt/airflow/dags/sst_pipeline_dag.py    752  0.01s             1           0  0.15s           2025-10-13T23:12:04
================================================================================
[2025-10-13T23:13:04.314+0000] {manager.py:760} INFO - Searching for files in /opt/airflow/dags
[2025-10-13T23:13:04.315+0000] {manager.py:763} INFO - There are 1 files in /opt/airflow/dags
[2025-10-13T23:13:04.343+0000] {manager.py:888} INFO - 
================================================================================
DAG File Processing Stats

File Path                                PID  Runtime      # DAGs    # Errors  Last Runtime    Last Run
-------------------------------------  -----  ---------  --------  ----------  --------------  -------------------
/opt/airflow/dags/sst_pipeline_dag.py    757  0.01s             1           0  0.14s           2025-10-13T23:12:34
================================================================================
[2025-10-13T23:13:34.560+0000] {manager.py:888} INFO - 
================================================================================
DAG File Processing Stats

File Path                                PID  Runtime      # DAGs    # Errors  Last Runtime    Last Run
-------------------------------------  -----  ---------  --------  ----------  --------------  -------------------
/opt/airflow/dags/sst_pipeline_dag.py    762  0.01s             1           0  0.18s           2025-10-13T23:13:04
================================================================================
[2025-10-13T23:14:04.779+0000] {manager.py:888} INFO - 
================================================================================
DAG File Processing Stats

File Path                                PID  Runtime      # DAGs    # Errors  Last Runtime    Last Run
-------------------------------------  -----  ---------  --------  ----------  --------------  -------------------
/opt/airflow/dags/sst_pipeline_dag.py    767  0.01s             1           0  0.15s           2025-10-13T23:13:34
================================================================================
[2025-10-13T23:14:34.966+0000] {manager.py:888} INFO - 
================================================================================
DAG File Processing Stats

File Path                              PID    Runtime      # DAGs    # Errors  Last Runtime    Last Run
-------------------------------------  -----  ---------  --------  ----------  --------------  -------------------
/opt/airflow/dags/sst_pipeline_dag.py                           1           0  0.22s           2025-10-13T23:14:04
================================================================================
[2025-10-13T23:15:05.261+0000] {manager.py:888} INFO - 
================================================================================
DAG File Processing Stats

File Path                              PID    Runtime      # DAGs    # Errors  Last Runtime    Last Run
-------------------------------------  -----  ---------  --------  ----------  --------------  -------------------
/opt/airflow/dags/sst_pipeline_dag.py                           1           0  0.17s           2025-10-13T23:14:35
================================================================================
[2025-10-13T23:15:35.559+0000] {manager.py:888} INFO - 
================================================================================
DAG File Processing Stats

File Path                              PID    Runtime      # DAGs    # Errors  Last Runtime    Last Run
-------------------------------------  -----  ---------  --------  ----------  --------------  -------------------
/opt/airflow/dags/sst_pipeline_dag.py                           1           0  0.16s           2025-10-13T23:15:05
================================================================================
[2025-10-13T23:16:05.832+0000] {manager.py:888} INFO - 
================================================================================
DAG File Processing Stats

File Path                              PID    Runtime      # DAGs    # Errors  Last Runtime    Last Run
-------------------------------------  -----  ---------  --------  ----------  --------------  -------------------
/opt/airflow/dags/sst_pipeline_dag.py                           1           0  0.15s           2025-10-13T23:15:35
================================================================================
[2025-10-13T23:16:36.106+0000] {manager.py:888} INFO - 
================================================================================
DAG File Processing Stats

File Path                              PID    Runtime      # DAGs    # Errors  Last Runtime    Last Run
-------------------------------------  -----  ---------  --------  ----------  --------------  -------------------
/opt/airflow/dags/sst_pipeline_dag.py                           1           0  0.16s           2025-10-13T23:16:06
================================================================================
[2025-10-13T23:17:06.380+0000] {manager.py:888} INFO - 
================================================================================
DAG File Processing Stats

File Path                              PID    Runtime      # DAGs    # Errors  Last Runtime    Last Run
-------------------------------------  -----  ---------  --------  ----------  --------------  -------------------
/opt/airflow/dags/sst_pipeline_dag.py                           1           0  0.15s           2025-10-13T23:16:36
================================================================================
[2025-10-13T23:17:36.641+0000] {manager.py:888} INFO - 
================================================================================
DAG File Processing Stats

File Path                              PID    Runtime      # DAGs    # Errors  Last Runtime    Last Run
-------------------------------------  -----  ---------  --------  ----------  --------------  -------------------
/opt/airflow/dags/sst_pipeline_dag.py                           1           0  0.17s           2025-10-13T23:17:06
================================================================================
[2025-10-13T23:18:04.932+0000] {manager.py:760} INFO - Searching for files in /opt/airflow/dags
[2025-10-13T23:18:04.933+0000] {manager.py:763} INFO - There are 1 files in /opt/airflow/dags
[2025-10-13T23:18:06.963+0000] {manager.py:888} INFO - 
================================================================================
DAG File Processing Stats

File Path                                PID  Runtime      # DAGs    # Errors  Last Runtime    Last Run
-------------------------------------  -----  ---------  --------  ----------  --------------  -------------------
/opt/airflow/dags/sst_pipeline_dag.py    807  0.01s             1           0  0.15s           2025-10-13T23:17:36
================================================================================
[2025-10-13T23:18:37.217+0000] {manager.py:888} INFO - 
================================================================================
DAG File Processing Stats

File Path                                PID  Runtime      # DAGs    # Errors  Last Runtime    Last Run
-------------------------------------  -----  ---------  --------  ----------  --------------  -------------------
/opt/airflow/dags/sst_pipeline_dag.py    812  0.01s             1           0  0.16s           2025-10-13T23:18:07
================================================================================
[2025-10-13T23:19:07.391+0000] {manager.py:888} INFO - 
================================================================================
DAG File Processing Stats

File Path                              PID    Runtime      # DAGs    # Errors  Last Runtime    Last Run
-------------------------------------  -----  ---------  --------  ----------  --------------  -------------------
/opt/airflow/dags/sst_pipeline_dag.py                           1           0  0.21s           2025-10-13T23:18:37
================================================================================
[2025-10-13T23:19:37.676+0000] {manager.py:888} INFO - 
================================================================================
DAG File Processing Stats

File Path                              PID    Runtime      # DAGs    # Errors  Last Runtime    Last Run
-------------------------------------  -----  ---------  --------  ----------  --------------  -------------------
/opt/airflow/dags/sst_pipeline_dag.py                           1           0  0.16s           2025-10-13T23:19:07
================================================================================
[2025-10-13T23:20:07.953+0000] {manager.py:888} INFO - 
================================================================================
DAG File Processing Stats

File Path                              PID    Runtime      # DAGs    # Errors  Last Runtime    Last Run
-------------------------------------  -----  ---------  --------  ----------  --------------  -------------------
/opt/airflow/dags/sst_pipeline_dag.py                           1           0  0.15s           2025-10-13T23:19:37
================================================================================
[2025-10-13T23:20:38.226+0000] {manager.py:888} INFO - 
================================================================================
DAG File Processing Stats

File Path                              PID    Runtime      # DAGs    # Errors  Last Runtime    Last Run
-------------------------------------  -----  ---------  --------  ----------  --------------  -------------------
/opt/airflow/dags/sst_pipeline_dag.py                           1           0  0.15s           2025-10-13T23:20:08
================================================================================
[2025-10-13T23:21:08.493+0000] {manager.py:888} INFO - 
================================================================================
DAG File Processing Stats

File Path                              PID    Runtime      # DAGs    # Errors  Last Runtime    Last Run
-------------------------------------  -----  ---------  --------  ----------  --------------  -------------------
/opt/airflow/dags/sst_pipeline_dag.py                           1           0  0.14s           2025-10-13T23:20:38
================================================================================
                                                                                                                                                                                                                                           